should render OTEL collector with custom ports:
  1: |
    apiVersion: apps/v1
    kind: Deployment
    metadata:
      labels:
        app: otel-collector
        app.kubernetes.io/instance: RELEASE-NAME
        app.kubernetes.io/managed-by: Helm
        app.kubernetes.io/name: hdx-oss-v2
        app.kubernetes.io/version: 1.0.0
        helm.sh/chart: hdx-oss-v2-0.3.1
      name: RELEASE-NAME-hdx-oss-v2-otel-collector
    spec:
      replicas: 1
      selector:
        matchLabels:
          app: otel-collector
          app.kubernetes.io/instance: RELEASE-NAME
          app.kubernetes.io/name: hdx-oss-v2
      template:
        metadata:
          labels:
            app: otel-collector
            app.kubernetes.io/instance: RELEASE-NAME
            app.kubernetes.io/name: hdx-oss-v2
        spec:
          containers:
            - env:
                - name: CLICKHOUSE_SERVER_ENDPOINT
                  value: RELEASE-NAME-hdx-oss-v2-clickhouse:9000
                - name: HYPERDX_LOG_LEVEL
                  value: info
                - name: CLICKHOUSE_USER
                  value: oteluser
                - name: CLICKHOUSE_PASSWORD
                  value: password
              image: hyperdx/hyperdx-otel-collector:2-beta
              name: otel-collector
              ports:
                - containerPort: 13999
                - containerPort: 24999
                - containerPort: 4399
                - containerPort: 4399
                - containerPort: 8899
  2: |
    apiVersion: v1
    kind: Service
    metadata:
      labels:
        app.kubernetes.io/instance: RELEASE-NAME
        app.kubernetes.io/managed-by: Helm
        app.kubernetes.io/name: hdx-oss-v2
        app.kubernetes.io/version: 1.0.0
        helm.sh/chart: hdx-oss-v2-0.3.1
      name: RELEASE-NAME-hdx-oss-v2-otel-collector
    spec:
      ports:
        - name: health
          port: 13999
          targetPort: 13999
        - name: fluentd
          port: 24999
          targetPort: 24999
        - name: otlp-grpc
          port: 4399
          targetPort: 4399
        - name: otlp-http
          port: 4399
          targetPort: 4399
        - name: metrics
          port: 8899
          targetPort: 8899
      selector:
        app: otel-collector
        app.kubernetes.io/instance: RELEASE-NAME
        app.kubernetes.io/name: hdx-oss-v2
