should render clickhouse secrets when clickhouse is enabled:
  1: |
    apiVersion: v1
    data:
      api-key: eHh4eHh4eHgteHh4eC14eHh4LXh4eHgteHh4eHh4eHh4eHh4
    kind: Secret
    metadata:
      labels:
        app.kubernetes.io/instance: RELEASE-NAME
        app.kubernetes.io/managed-by: Helm
        app.kubernetes.io/name: hdx-oss-v2
        app.kubernetes.io/version: 1.0.0
        helm.sh/chart: hdx-oss-v2-0.3.1
      name: RELEASE-NAME-hdx-oss-v2-app-secrets
    type: Opaque
  2: |
    apiVersion: v1
    data:
      appUserPassword: dGVzdC1wYXNzd29yZA==
      otelUserPassword: dGVzdC1vdGVsLXBhc3N3b3Jk
    kind: Secret
    metadata:
      labels:
        app.kubernetes.io/instance: RELEASE-NAME
        app.kubernetes.io/managed-by: Helm
        app.kubernetes.io/name: hdx-oss-v2
        app.kubernetes.io/version: 1.0.0
        helm.sh/chart: hdx-oss-v2-0.3.1
      name: RELEASE-NAME-hdx-oss-v2-clickhouse-secrets
    type: Opaque
